
> ritwikportfolio@0.1.0 build
> react-scripts build

(node:113360) [DEP0176] DeprecationWarning: fs.F_OK is deprecated, use fs.constants.F_OK instead
(Use `node --trace-deprecation ...` to show where the warning was created)
Creating an optimized production build...
Browserslist: browsers data (caniuse-lite) is 10 months old. Please run:
  npx update-browserslist-db@latest
  Why you should do it regularly: https://github.com/browserslist/update-db#readme
Browserslist: browsers data (caniuse-lite) is 10 months old. Please run:
  npx update-browserslist-db@latest
  Why you should do it regularly: https://github.com/browserslist/update-db#readme
Compiled with warnings.

[eslint] 
src/components/Search.jsx
  Line 2:47:  'FaClock' is defined but never used   no-unused-vars
  Line 2:56:  'FaUsers' is defined but never used   no-unused-vars
  Line 2:65:  'FaTrophy' is defined but never used  no-unused-vars

Search for the keywords to learn more about each warning.
To ignore, add // eslint-disable-next-line to the line before.

File sizes after gzip:

  133.2 kB (+3.51 kB)  build/static/js/main.ad084e58.js
  7.9 kB (+1.81 kB)    build/static/css/main.4a8e81e6.css

The project was built assuming it is hosted at /.
You can control this with the homepage field in your package.json.

The build folder is ready to be deployed.
You may serve it with a static server:

  npm install -g serve
  serve -s build

Find out more about deployment here:

  https://cra.link/deployment

